
Map of Debug\hid.sm8 from link file Debug\hid.lkf - Fri Mar 19 17:00:38 2021


                               --------
                               Segments
                               --------

start 00008080 end 0000819b length   283 segment .utext
start 0000819b end 00008272 length   215 segment .const
start 0000828d end 00008d97 length  2826 segment .text
start 00004000 end 00004000 length     0 segment .eeprom
start 00000000 end 00000013 length    19 segment .bsct, initialized
start 0000827a end 0000828d length    19 segment .bsct, from
start 00000013 end 0000007a length   103 segment .ubsct
start 0000007a end 0000007a length     0 segment .bit
start 0000007a end 0000007a length     0 segment .share
start 00000100 end 00000100 length     0 segment .data
start 00000100 end 00000100 length     0 segment .bss
start 00000000 end 00000448 length  1096 segment .info.
start 00000000 end 00001da0 length  7584 segment .debug
start 00008000 end 00008080 length   128 segment .const
start 00008272 end 0000827a length     8 segment .init


                               -------
                               Modules
                               -------

C:\Program Files (x86)\COSMIC\FSE_Compilers\CXSTM8\lib\crtsi0.sm8:
start 0000828d end 000082dd length    80 section .text
start 00000100 end 00000100 length     0 section .bss
start 00000013 end 00000013 length     0 section .ubsct
start 00000000 end 00000034 length    52 section .info.

Debug\usb.o:
start 000082dd end 00008978 length  1691 section .text
start 00000000 end 00000004 length     4 section .bsct
start 00000013 end 00000071 length    94 section .ubsct
start 00000000 end 00000d77 length  3447 section .debug
start 00000034 end 000000cc length   152 section .info.
start 0000819b end 000081a3 length     8 section .const

Debug\usb_rx.o:
start 00000d77 end 00000e78 length   257 section .debug
start 000000cc end 00000104 length    56 section .info.
start 00008080 end 0000819b length   283 section .utext

Debug\usb_tx.o:
start 00008978 end 00008ad3 length   347 section .text
start 00000e78 end 000010dd length   613 section .debug
start 00000104 end 0000013c length    56 section .info.

Debug\hardware.o:
start 00008ad3 end 00008d45 length   626 section .text
start 00000004 end 0000000b length     7 section .bsct
start 00000071 end 00000074 length     3 section .ubsct
start 000010dd end 00001678 length  1435 section .debug
start 0000013c end 000001d9 length   157 section .info.

Debug\main.o:
start 00008d45 end 00008d96 length    81 section .text
start 00001678 end 00001a42 length   970 section .debug
start 000001d9 end 00000272 length   153 section .info.

Debug\usb_desc.o:
start 0000000b end 00000013 length     8 section .bsct
start 00001a42 end 00001c5d length   539 section .debug
start 00000272 end 0000030f length   157 section .info.
start 000081a3 end 00008272 length   207 section .const

(C:\Program Files (x86)\COSMIC\FSE_Compilers\CXSTM8\lib\libm0.sm8)xreg.o:
start 00000074 end 00000077 length     3 section .ubsct
start 0000030f end 0000033e length    47 section .info.

(C:\Program Files (x86)\COSMIC\FSE_Compilers\CXSTM8\lib\libm0.sm8)yreg.o:
start 00000077 end 0000007a length     3 section .ubsct
start 0000033e end 0000036d length    47 section .info.

Debug\stm8_interrupt_vector.o:
start 00008d96 end 00008d97 length     1 section .text
start 00001c5d end 00001da0 length   323 section .debug
start 0000036d end 00000417 length   170 section .info.
start 00008000 end 00008080 length   128 section .const


                             -----------
                             Stack usage
                             -----------

Debug\hardware.o:
_Check_OPTION_BYTE                 6   (4)
_Delay                             6   (4)
_Encoder_Init                      5   (2)
_Encoder_Switch_Task               5   (2)
_Encoder_Task                      3   (3)
_FLASH_Data_lock                   2   (2)
_FLASH_Wait                        2   (2)
_HID_Task                         21   (2)
_Init_Hardware                     8   (2)
_LED                               3   (3)
_RESET_CHIP                        2   (2)
_Short_Delay                       2   (2)
_TIM4_Init                         2   (2)
f_Encoder_IRQ                 >    7   (7)

Debug\main.o:
_USB_Class_DeInit_callback         2   (2)
_USB_Class_Init_callback           2   (2)
_USB_EP0_RxReady_callback          3   (3)
_USB_EP1_RxReady_callback          3   (3)
_USB_Setup_Request_callback       21   (2)
_main                         >   34   (3)

Debug\stm8_interrupt_vector.o:
f_Default_IRQ_Handler         >    6   (6)

Debug\usb.o:
_USB_Device_Request               23   (4)
_USB_Handle_GetDescriptor         25   (6)
_USB_Handle_Standard_Request      27   (4)
_USB_Init                          6   (2)
_USB_NRZI_RX_Decode               12   (12)
_USB_Reset                         4   (2)
_USB_Send_Data                    19   (11)
_USB_Send_STALL                    3   (3)
_USB_connect                       2   (2)
_USB_disconnect                    2   (2)
_USB_loop                         31   (4)
_USB_slow_loop                     6   (2)
_usb_calc_crc16                    8   (8)
_usb_rx_ok                    >    4   (4)

Stack size: 41


                              ---------
                              Call tree
                              ---------
   1 > _ll_usb_rx: (0)

   2 > _main: (3)
   3      + _Encoder_Switch_Task: (2)
   4      |    + _LED: (3)
          | 
   5      + _Encoder_Task: (3)
   6      + _HID_Task: (2)
   7      |    + _USB_Send_Data: (11)
   8      |    |    + _usb_calc_crc16: (8)
          |    | 
          | 
   9      + _Init_Hardware: (2)
  10      |    + _Check_OPTION_BYTE: (4)
  11      |    |    + _FLASH_Data_lock: (2)
  12      |    |    + _FLASH_Wait: (2)
  13      |    |    + _RESET_CHIP: (2)
          |    | 
  14      |    + _Delay: (4)
  15      |    |    + _Short_Delay: (2)
          |    | 
  16      |    + _Encoder_Init: (2)
  17      |    |    + _LED --> 4
          |    | 
  18      |    + _TIM4_Init: (2)
  19      |    + _USB_Init: (2)
  20      |    |    + _USB_Reset: (2)
  21      |    |    |    + _USB_Class_DeInit_callback: (2)
          |    |    | 
          |    | 
  22      |    + _USB_connect: (2)
  23      |    + _USB_disconnect: (2)
          | 
  24      + _USB_loop: (4)
  25      |    + _USB_EP0_RxReady_callback: (3)
  26      |    + _USB_EP1_RxReady_callback: (3)
  27      |    + _USB_Handle_GetDescriptor: (6)
  28      |    |    + _USB_Send_Data --> 7
  29      |    |    + _USB_Send_STALL: (3)
          |    | 
  30      |    + _USB_Handle_Standard_Request: (4)
  31      |    |    + _USB_Device_Request: (4)
  32      |    |    |    + _USB_Class_DeInit_callback --> 21
  33      |    |    |    + _USB_Class_Init_callback: (2)
  34      |    |    |    + _USB_Send_Data --> 7
  35      |    |    |    + _USB_Send_STALL --> 29
          |    |    | 
  36      |    |    + _USB_Send_STALL --> 29
  37      |    |    + _USB_Setup_Request_callback: (2)
  38      |    |    |    + _USB_Send_Data --> 7
          |    |    | 
          |    | 
  39      |    + _USB_NRZI_RX_Decode: (12)
  40      |    + _USB_Reset --> 20
  41      |    + _USB_Send_STALL --> 29
  42      |    + _USB_Setup_Request_callback --> 37
          | 
  43      + _USB_slow_loop: (2)
  44      |    + _FLASH_Data_lock --> 11
  45      |    + _USB_Reset --> 20
  46      |    + _USB_connect --> 22
  47      |    + _USB_disconnect --> 23
          | 
       
  48 > _usb_rx_ok: (4)

  49 > f_Default_IRQ_Handler: (6)

  50 > f_Encoder_IRQ: (7)

  51   _Check_OPTION_BYTE --> 10

  52   _Delay --> 14

  53   _Encoder_Init --> 16

  54   _Encoder_Switch_Task --> 3

  55   _Encoder_Task --> 5

  56   _FLASH_Data_lock --> 11

  57   _FLASH_Wait --> 12

  58   _HID_Task --> 6

  59   _Init_Hardware --> 9

  60   _LED --> 4

  61   _RESET_CHIP --> 13

  62   _Short_Delay --> 15

  63   _TIM4_Init --> 18

  64   _USB_Class_DeInit_callback --> 21

  65   _USB_Class_Init_callback --> 33

  66   _USB_Device_Request --> 31

  67   _USB_EP0_RxReady_callback --> 25

  68   _USB_EP1_RxReady_callback --> 26

  69   _USB_Handle_GetDescriptor --> 27

  70   _USB_Handle_Standard_Request --> 30

  71   _USB_Init --> 19

  72   _USB_NRZI_RX_Decode --> 39

  73   _USB_Reset --> 20

  74   _USB_Send_Data --> 7

  75   _USB_Send_STALL --> 29

  76   _USB_Setup_Request_callback --> 37

  77   _USB_connect --> 22

  78   _USB_disconnect --> 23

  79   _USB_loop --> 24

  80   _USB_slow_loop --> 43

  81   _usb_calc_crc16 --> 8



                               -------
                               Symbols
                               -------

_Check_OPTION_BYTE               00008b0e   defined in Debug\hardware.o section .text
_Delay                           00008d35   defined in Debug\hardware.o section .text
_Encoder                         00000007   defined in Debug\hardware.o section .bsct, initialized
_Encoder_                        00000073   defined in Debug\hardware.o section .ubsct
_Encoder_Init                    00008bbf   defined in Debug\hardware.o section .text
_Encoder_Switch_Task             00008c00   defined in Debug\hardware.o section .text
                                            used in Debug\main.o
_Encoder_Task                    00008cc1   defined in Debug\hardware.o section .text
                                            used in Debug\main.o
_FLASH_Data_lock                 00008af5   defined in Debug\hardware.o section .text
                                            used in Debug\usb.o
_FLASH_Wait                      00008b06   defined in Debug\hardware.o section .text
_HID_ReportDescriptor            00008247   defined in Debug\usb_desc.o section .const
                                            used in Debug\usb.o
_HID_Task                        00008d03   defined in Debug\hardware.o section .text
                                            used in Debug\main.o
_Init_Hardware                   00008ad3   defined in Debug\hardware.o section .text
                                            used in Debug\main.o
_LED                             00008b90   defined in Debug\hardware.o section .text
_RESET_CHIP                      00008aef   defined in Debug\hardware.o section .text
_ReportIn                        00000004   defined in Debug\hardware.o section .bsct, initialized
_Report_State                    00000006   defined in Debug\hardware.o section .bsct, initialized
_Short_Delay                     00008d2e   defined in Debug\hardware.o section .text
_String_LangID                   000081d7   defined in Debug\usb_desc.o section .const
_String_Product                  0000820f   defined in Debug\usb_desc.o section .const
_String_Serial                   00008239   defined in Debug\usb_desc.o section .const
_String_Vendor                   000081db   defined in Debug\usb_desc.o section .const
_TIM4_Init                       00008b83   defined in Debug\hardware.o section .text
_USB_Class_DeInit_callback       00008d48   defined in Debug\main.o section .text
                                            used in Debug\usb.o
_USB_Class_Init_callback         00008d46   defined in Debug\main.o section .text
                                            used in Debug\usb.o
_USB_Device_Request              000086d7   defined in Debug\usb.o section .text
_USB_EP0_RxReady_callback        00008d45   defined in Debug\main.o section .text
                                            used in Debug\usb.o
_USB_EP1_RxReady_callback        00008d64   defined in Debug\main.o section .text
                                            used in Debug\usb.o
_USB_Handle_GetDescriptor        000087ec   defined in Debug\usb.o section .text
_USB_Handle_Standard_Request     000087c4   defined in Debug\usb.o section .text
_USB_Init                        00008308   defined in Debug\usb.o section .text
                                            used in Debug\hardware.o
_USB_NRZI_RX_Decode              00008655   defined in Debug\usb.o section .text
_USB_Reset                       000082dd   defined in Debug\usb.o section .text
_USB_Send_Data                   000084cd   defined in Debug\usb.o section .text
                                            used in Debug\hardware.o Debug\main.o
_USB_Send_STALL                  00008638   defined in Debug\usb.o section .text
_USB_Setup_Request_callback      00008d4a   defined in Debug\main.o section .text
                                            used in Debug\usb.o
_USB_String_Descriptors          0000000b   defined in Debug\usb_desc.o section .bsct, initialized
                                            used in Debug\usb.o
_USB_String_Descriptors_Length   00008243   defined in Debug\usb_desc.o section .const
                                            used in Debug\usb.o
_USB_connect                     00008342   defined in Debug\usb.o section .text
                                            used in Debug\hardware.o
_USB_disconnect                  00008347   defined in Debug\usb.o section .text
                                            used in Debug\hardware.o
_USB_loop                        00008890   defined in Debug\usb.o section .text
                                            used in Debug\main.o
_USB_slow_loop                   00008917   defined in Debug\usb.o section .text
                                            used in Debug\main.o
__endmem                         000001ff   defined in command file
                                            *** not used ***
__endzp                          0000007a   defined in command file section .ubsct
                                            used in C:\Program Files (x86)\COSMIC\FSE_Compilers\CXSTM8\lib\crtsi0.sm8
__idesc__                        00008272   defined in linker section .init
                                            used in C:\Program Files (x86)\COSMIC\FSE_Compilers\CXSTM8\lib\crtsi0.sm8
__memory                         00000100   defined in command file section .bss
                                            used in C:\Program Files (x86)\COSMIC\FSE_Compilers\CXSTM8\lib\crtsi0.sm8
__stack                          000003ff   defined in command file
                                            used in C:\Program Files (x86)\COSMIC\FSE_Compilers\CXSTM8\lib\crtsi0.sm8
__startmem                       00000100   defined in command file section .bss
                                            *** not used ***
__stext                          0000828d   defined in C:\Program Files (x86)\COSMIC\FSE_Compilers\CXSTM8\lib\crtsi0.sm8 section .text
                                            used in Debug\stm8_interrupt_vector.o
__vectab                         00008000   defined in Debug\stm8_interrupt_vector.o section .const
_exit                            000082db   defined in C:\Program Files (x86)\COSMIC\FSE_Compilers\CXSTM8\lib\crtsi0.sm8 section .text
_ll_usb_rx                       00008149   defined in Debug\usb_rx.o section .utext
                                            used in Debug\stm8_interrupt_vector.o
_ll_usb_rx_buffer                00000017   defined in Debug\usb.o section .ubsct
                                            used in Debug\usb_rx.o
_ll_usb_rx_count                 00000013   defined in Debug\usb.o section .ubsct
                                            used in Debug\usb_rx.o
_ll_usb_tx                       00008a95   defined in Debug\usb_tx.o section .text
                                            used in Debug\usb.o
_ll_usb_tx_buffer_pointer        00000015   defined in Debug\usb.o section .ubsct
                                            used in Debug\usb_tx.o
_ll_usb_tx_count                 00000014   defined in Debug\usb.o section .ubsct
                                            used in Debug\usb_tx.o
_main                            00008d65   defined in Debug\main.o section .text
                                            used in C:\Program Files (x86)\COSMIC\FSE_Compilers\CXSTM8\lib\crtsi0.sm8
_p_HSI_TRIMING_DONE              00000002   defined in Debug\usb.o section .bsct, initialized
_p_HSI_TRIM_VAL                  00000000   defined in Debug\usb.o section .bsct, initialized
_usb                             00000027   defined in Debug\usb.o section .ubsct
                                            used in Debug\hardware.o
_usb_calc_crc16                  00008470   defined in Debug\usb.o section .text
_usb_configuration_descriptor    000081b5   defined in Debug\usb_desc.o section .const
                                            used in Debug\usb.o
_usb_device_descriptor           000081a3   defined in Debug\usb_desc.o section .const
                                            used in Debug\usb.o
_usb_rx_ok                       00008350   defined in Debug\usb.o section .text
                                            used in Debug\usb_rx.o
c_x                              00000074   defined in (C:\Program Files (x86)\COSMIC\FSE_Compilers\CXSTM8\lib\libm0.sm8)xreg.o section .ubsct
                                            used in C:\Program Files (x86)\COSMIC\FSE_Compilers\CXSTM8\lib\crtsi0.sm8
c_y                              00000077   defined in (C:\Program Files (x86)\COSMIC\FSE_Compilers\CXSTM8\lib\libm0.sm8)yreg.o section .ubsct
                                            used in C:\Program Files (x86)\COSMIC\FSE_Compilers\CXSTM8\lib\crtsi0.sm8
                                                    Debug\usb.o
f_Default_IRQ_Handler            00008d96   defined in Debug\stm8_interrupt_vector.o section .text
f_Encoder_IRQ                    00008be0   defined in Debug\hardware.o section .text
                                            used in Debug\stm8_interrupt_vector.o
